[2026-09-06 19:11:02] Step 1: total=120 done=0 todo=120 threads=8
[2026-09-06 19:11:25] [1/120] (0.8%) bili|2025-01-14 | 特斯拉得州劳工话题｜2025年1月｜第7条。特斯拉得州相关讨论继续传播，主要围绕
[2026-09-06 19:11:30] [2/120] (1.7%) tieba|2025-01-05 | 讨论特斯拉得州劳工事件，特别是2025年1月，评论强调不能仅凭这些事件断言正式罢
[2026-09-06 19:11:33] [3/120] (2.5%) tieba|2025-01-21 | 讨论特斯拉在美国得州的劳工问题，特别是2025年1月的情况，评论指出这些事件不能
[2026-09-06 19:11:36] [4/120] (3.3%) zhihu|2025-01-11 | Tesla得州劳工事件讨论，关注劳工权益、工厂工作环境和劳动争议，避免将单一事件
[2026-09-06 19:11:40] [5/120] (4.2%) ks|2025-01-08 | 讨论特斯拉得州劳工事件，特别是正式罢工的可能性。评论认为不能仅凭劳工、安全、就业
[2026-09-06 19:11:45] [6/120] (5.0%) xhs|2025-01-02 | Tesla得州劳工话题｜202
[2026-09-06 19:11:48] [7/120] (5.8%) wb|2025-01-18 | Tesla得州劳工话题｜2025年1月｜第8条讨论了Tesla在美国得州的劳工问
[2026-09-06 19:11:53] [8/120] (6.7%) wb|2025-01-24 | 讨论了Tesla在得州的劳工情况，特别是2025年1月，评论认为这些劳工事件不能
[2026-09-06 19:12:02] [9/120] (7.5%) zhihu|2025-01-27 | Tesla得州劳工话题｜2025年1月｜第9条
[2026-09-06 19:12:06] [10/120] (8.3%) dy|2025-01-30 | 特斯拉得州劳工话题｜2025年1月｜第6条
[2026-09-06 19:12:10] [11/120] (9.2%) dy|2025-02-02 | 讨论得州 Austin 工厂的劳工事件及其相关问题，评论分析了这些事件的背景和可
[2026-09-06 19:12:15] [12/120] (10.0%) wb|2025-02-05 | 帖子讨论了得州Tesla工厂在2025年2月的劳工事件，评论指出尽管存在这些事件
[2026-09-06 19:12:19] [13/120] (10.8%) ks|2025-02-07 | Tesla得州劳工话题｜2025年2月｜第8条讨论了美国得州Tesla工厂的劳工
[2026-09-06 19:12:22] [14/120] (11.7%) tieba|2025-02-10 | Tesla得州劳工话题｜2025年2月｜第6条讨论了特斯拉得州劳工事件，特别是2
[2026-09-06 19:12:27] [15/120] (12.5%) dy|2025-02-13 | 帖子讨论了2025年2月得州劳工事件，特别是关于Tesla公司的劳工问题，强调安
[2026-09-06 19:12:30] [16/120] (13.3%) zhihu|2025-02-16 | 特斯拉得州劳工话题｜2025年2月｜第5条
[2026-09-06 19:12:38] [17/120] (14.2%) ks|2025-02-19 | 2025年2月得州Tesla工厂劳工、安全和就业相关话题，评论认为这些事件不能直
[2026-09-06 19:12:42] [18/120] (15.0%) xhs|2025-02-21 | 帖子讨论了特斯拉得州劳工问题，评论指出媒体可能有误，不能仅凭事件断言罢工，强调劳
[2026-09-06 19:12:46] [19/120] (15.8%) bili|2025-02-24 | 帖子讨论了特斯拉得州劳工问题，特别是裁员、停产和劳动争议，讨论了这些事件如何被描
[2026-09-06 19:12:50] [20/120] (16.7%) bili|2025-02-27 | 特斯拉得州劳工话题｜2025年2月｜第3条讨论了2025年2月得州 Austin
[2026-09-06 19:12:55] [21/120] (17.5%) wb|2025-03-02 | 帖子讨论了得州劳工情况，特别是2025年3月的罢工标签问题。评论区
[2026-09-06 19:12:58] [22/120] (18.3%) xhs|2025-03-05 | Tesla得州劳工话题｜2025年3月｜第10条。讨论了Tesla在得州的劳工问
[2026-09-06 19:13:03] [23/120] (19.2%) bili|2025-03-08 | 特斯拉得州劳工话题｜2025年3月｜第6条讨论了特斯拉在得州的劳工问题，特别是2
[2026-09-06 19:13:06] [24/120] (20.0%) ks|2025-03-11 | 得州劳工事件继续引发关注，公众对劳工问题的谨慎态度。
[2026-09-06 19:13:10] [25/120] (20.8%) xhs|2025-03-14 | 特斯拉得州劳工话题｜2025年3月｜第3条讨论了特斯拉在得州的劳工问题，特别是裁
[2026-09-06 19:13:14] [26/120] (21.7%) tieba|2025-03-18 | 帖子讨论了特斯拉在得州的劳工问题，特别是裁员和劳动争议，评论强调不能仅凭这些事件
[2026-09-06 19:13:19] [27/120] (22.5%) dy|2025-03-21 | 特斯拉得州劳工话题｜2025年3月｜第5条讨论了特斯拉得州劳工的情况，特别是关于
[2026-09-06 19:13:22] [28/120] (23.3%) zhihu|2025-03-24 | 得州劳工话题｜2025年3月｜第1条讨论了得州劳工在2025年3月的事件，评论指
[2026-09-06 19:13:27] [29/120] (24.2%) zhihu|2025-03-27 | 特斯拉在得州的劳工事件，2025年3月出现，讨论了
[2026-09-06 19:13:30] [30/120] (25.0%) tieba|2025-03-30 | 特斯拉得州劳工话题｜2025年3月｜第2条  
特斯拉得州劳工问题持续关注，3月
[2026-09-06 19:13:34] [31/120] (25.8%) wb|2025-04-02 | 特斯拉得州劳工话题｜2025年4月｜第10条帖子讨论了特斯拉得州的裁员、停产和劳
[2026-09-06 19:13:39] [32/120] (26.7%) xhs|2025-04-05 | Tesla得州劳工话题｜2025年4月｜第6条。整理今天的Tesla得州话题：4
[2026-09-06 19:13:42] [33/120] (27.5%) bili|2025-04-08 | Tesla在得州劳工话题｜2025年4月｜第9条讨论了Tesla在得州的劳工问题
[2026-09-06 19:13:46] [34/120] (28.3%) ks|2025-04-11 | 特斯拉得州劳工话题｜2025年4月｜第7条
[2026-09-06 19:13:50] [35/120] (29.2%) tieba|2025-04-14 | Tesla得州劳工话题｜2025年4月｜第5条。【Tesla Texas 202
[2026-09-06 19:13:53] [36/120] (30.0%) dy|2025-04-17 | Tesla得州劳工话题｜2025年4月｜第1条
[2026-09-06 19:13:57] [37/120] (30.8%) bili|2025-04-20 | 特斯拉得州劳工事件讨论，关注裁员和合同终止，质疑“罢工”一词的适用性。
[2026-09-06 19:14:02] [38/120] (31.7%) dy|2025-04-23 | 从帖子和评论来看，主要讨论了特斯拉在美国得州的劳工问题，特别是
[2026-09-06 19:14:05] [39/120] (32.5%) zhihu|2025-04-26 | 特斯拉得州劳工话题｜2025年4月｜第4条讨论了特斯拉得州劳工的情况，特别是他们
[2026-09-06 19:14:08] [40/120] (33.3%) wb|2025-04-29 | Tesla得州劳工话题｜2025年4月｜第3条讨论了特斯拉在得州的劳工问题，特别
[2026-09-06 19:14:13] [41/120] (34.2%) zhihu|2025-05-02 | 特斯拉得州劳工话题｜2025年5月｜第7条
[2026-09-06 19:14:17] [42/120] (35.0%) ks|2025-05-05 | 特斯拉得州劳工话题｜2025年5月｜第3条
[2026-09-06 19:14:21] [43/120] (35.8%) bili|2025-05-08 | 特斯拉得州劳工事件在5月期间引发了关于正式罢工的讨论，评论指出，虽然事件存在劳工
[2026-09-06 19:14:25] [44/120] (36.7%) tieba|2025-05-11 | 特斯拉得州劳工话题｜2025年5月｜第1条
[2026-09-06 19:14:28] [45/120] (37.5%) dy|2025-05-14 | Tesla得州劳工话题｜2025年5月｜第4条讨论了Tesla在得州的劳工情况，
[2026-09-06 19:14:33] [46/120] (38.3%) ks|2025-05-18 | 特斯拉得州劳工话题｜2025年5月｜第10条讨论了特斯拉得州劳工事件，特别是5月
[2026-09-06 19:14:37] [47/120] (39.2%) tieba|2025-05-21 | 帖子讨论了Tesla在得州的劳工情况，特别是2025年5月的事件，以及生产暂停带
[2026-09-06 19:14:40] [48/120] (40.0%) wb|2025-05-24 | Tesla得州劳工话题｜2025年5月｜第6条讨论了Tesla得州 Austin
[2026-09-06 19:14:45] [49/120] (40.8%) xhs|2025-05-27 | 
[2026-09-06 19:14:49] [50/120] (41.7%) xhs|2025-05-30 | 
[2026-09-06 19:14:54] [51/120] (42.5%) tieba|2025-06-02 | 
[2026-09-06 19:14:58] [52/120] (43.3%) ks|2025-06-05 | 特斯拉在得州的裁员、停产和劳动争议，尤其是与6月NLR
[2026-09-06 19:15:02] [53/120] (44.2%) wb|2025-06-08 | 特斯拉得州劳工话题｜2025年6月｜第2条讨论了特斯拉在得州的劳工问题，特别是2
[2026-09-06 19:15:07] [54/120] (45.0%) zhihu|2025-06-11 | 特斯拉在得州的劳工情况，特别是20
[2026-09-06 19:15:11] [55/120] (45.8%) dy|2025-06-14 | 
[2026-09-06 19:15:15] [56/120] (46.7%) zhihu|2025-06-17 | 特斯拉得州劳工话题｜2025年6月｜第3条讨论了特斯拉在得州的裁员、停产和劳动争
[2026-09-06 19:15:19] [57/120] (47.5%) bili|2025-06-20 | 帖子讨论了Tesla Austin和Giga Texas在2025年的劳工话题，
[2026-09-06 19:15:24] [58/120] (48.3%) xhs|2025-06-23 | 特斯拉在美国得州的劳工事件，特别是6月的情况引发了广泛关注。帖子指出，尽管存在与
[2026-09-06 19:15:27] [59/120] (49.2%) wb|2025-06-26 | 帖子讨论了得州Tesla区域在6月发生的劳工事件，包括与Tesla相关的投诉或案
[2026-09-06 19:15:31] [60/120] (50.0%) bili|2025-06-29 | 特斯拉得州劳工话题｜2025年6月｜第8条

特斯拉在美国得州的劳工事件，特别是
[2026-09-06 19:15:36] [61/120] (50.8%) xhs|2025-07-02 | 特斯拉在美国得州发生的劳工事件，特别是2025年7月的情况。帖子讨论了网络上的“
[2026-09-06 19:15:40] [62/120] (51.7%) wb|2025-07-05 | Tesla劳工事件讨论 | 2025年7月得州劳工事件引发舆论关注
[2026-09-06 19:15:45] [63/120] (52.5%) ks|2025-07-08 | 帖子讨论了2025年7月得州的劳工事件，特别是与Tesla相关的，评论区指出这些
[2026-09-06 19:15:49] [64/120] (53.3%) dy|2025-07-11 | 2025年7月，得州Tesla公司的劳工情况引发了广泛关注
[2026-09-06 19:15:52] [65/120] (54.2%) xhs|2025-07-14 | 特斯拉得州劳工话题｜2025年7月｜第8条
[2026-09-06 19:15:56] [66/120] (55.0%) bili|2025-07-18 | 
[2026-09-06 19:16:01] [67/120] (55.8%) ks|2025-07-21 | 特斯拉得州劳工话题｜2025年7月｜第2条 论坛上，关于特斯拉得州劳工问题的讨论
[2026-09-06 19:16:04] [68/120] (56.7%) zhihu|2025-07-24 | Tesla劳工事件讨论与网络叙事关系
[2026-09-06 19:16:09] [69/120] (57.5%) tieba|2025-07-27 | 
[2026-09-06 19:16:13] [70/120] (58.3%) dy|2025-07-30 | 特斯拉在得州的劳工事件引发了公众对劳工问题的不同看法。帖子指出，劳工事件可能涉及
[2026-09-06 19:16:17] [71/120] (59.2%) tieba|2025-08-02 | 特斯拉得州劳工话题｜2025年8月｜第10条。特斯拉与MPW Industria
[2026-09-06 19:16:20] [72/120] (60.0%) bili|2025-08-05 | 得州劳工问题继续发酵，82名承包商员工因裁员引发关注。热门评论指出，裁员和罢工是
[2026-09-06 19:16:23] [73/120] (60.8%) ks|2025-08-08 | 得州劳工话题｜2025年8月｜第5条
[2026-09-06 19:16:26] [74/120] (61.7%) wb|2025-08-11 | Tesla在得州的劳工问题继续引发关注。82名承包商员工因裁员和生产停顿引发讨论
[2026-09-06 19:16:29] [75/120] (62.5%) wb|2025-08-14 | 得州劳工权益讨论，关注劳工权益与就业问题，舆论关注劳工权益和就业问题，不相关
[2026-09-06 19:16:34] [76/120] (63.3%) zhihu|2025-08-18 | 帖子讨论了得州Tesla公司与MPW工业服务公司终止合同后，承包商员工面临的裁员
[2026-09-06 19:16:37] [77/120] (64.2%) dy|2025-08-21 | 得州劳工问题继续引发关注，裁员通知影响劳工权益，舆论关注劳工权益。
[2026-09-06 19:16:40] [78/120] (65.0%) tieba|2025-08-24 | 帖子讨论得州Tesla公司2025年劳工问题，特别是员工被裁员的情况，认为这些劳
[2026-09-06 19:16:45] [79/120] (65.8%) zhihu|2025-08-27 | 
[2026-09-06 19:16:49] [80/120] (66.7%) xhs|2025-08-30 | Tesla得州劳工话题｜2025年8月｜第4条讨论了Tesla在得州的劳工问题，
[2026-09-06 19:16:52] [81/120] (67.5%) zhihu|2025-09-02 | Tesla得州劳工话题｜2025年9月｜第5条
[2026-09-06 19:16:56] [82/120] (68.3%) dy|2025-09-05 | Tesla得州劳工话题｜2025年9月｜第9条讨论了Tesla在得州的劳工问题，
[2026-09-06 19:17:00] [83/120] (69.2%) bili|2025-09-08 | 帖子讨论了Tesla Austin/Giga Texas在2025年的劳工问题，
[2026-09-06 19:17:04] [84/120] (70.0%) dy|2025-09-11 | 特斯拉得州劳工话题｜2025年9月｜第2条  
特斯拉得州劳工话题｜2025年9
[2026-09-06 19:17:08] [85/120] (70.8%) ks|2025-09-14 | 特斯拉得州劳工话题｜2025年9月｜第8条讨论了特斯拉在得州的劳工问题，特别是2
[2026-09-06 19:17:11] [86/120] (71.7%) xhs|2025-09-17 | 特斯拉得州劳工话题｜2025年9月｜第7条
[2026-09-06 19:17:15] [87/120] (72.5%) tieba|2025-09-20 | 帖子讨论了2025年9月得州Tesla劳工事件，评论区主要讨论的是舆论观点，支持
[2026-09-06 19:17:19] [88/120] (73.3%) ks|2025-09-23 | Tesla得州劳工话题｜2025年9月｜第1条讨论了得州劳工情况，特别是9月份的
[2026-09-06 19:17:24] [89/120] (74.2%) bili|2025-09-26 | 特斯拉得州劳工话题｜2025年9月｜第3条讨论了特斯拉在得州的劳工问题，包括裁员
[2026-09-06 19:17:28] [90/120] (75.0%) wb|2025-09-29 | 特斯拉得州劳工话题｜2025年9月｜第4条讨论了特斯拉在得州的劳工问题，特别是裁
[2026-09-06 19:17:31] [91/120] (75.8%) tieba|2025-10-02 | 特斯拉得州劳工话题｜2025年10月｜第9条
[2026-09-06 19:17:35] [92/120] (76.7%) xhs|2025-10-05 | Tesla得州劳工话题｜2025年10月｜第10条
[2026-09-06 19:17:39] [93/120] (77.5%) tieba|2025-10-08 | Tesla得州劳工话题｜2025年10月｜第2条讨论了Tesla在得州的劳工事件
[2026-09-06 19:17:42] [94/120] (78.3%) zhihu|2025-10-11 | Tesla得州劳工话题｜2025年10月｜第8条
[2026-09-06 19:17:45] [95/120] (79.2%) bili|2025-10-14 | 帖子讨论了2025年10月得州的劳工问题，评论区反对将劳工问题合并为正式罢工，认
[2026-09-06 19:17:50] [96/120] (80.0%) dy|2025-10-18 | 讨论了2025年10月Tesla在得州的劳工问题，主要围绕“正式罢工”一词的质疑
[2026-09-06 19:17:54] [97/120] (80.8%) wb|2025-10-21 | 
[2026-09-06 19:17:59] [98/120] (81.7%) ks|2025-10-24 | 讨论了2025年10月得州劳工事件，认为该事件不能简单地视为正式罢工，而是由生产
[2026-09-06 19:18:03] [99/120] (82.5%) xhs|2025-10-27 | 特斯拉在美国得州的劳工事件，特别是2025年10月期间，引发了关于“罢工”一词是
[2026-09-06 19:18:06] [100/120] (83.3%) zhihu|2025-10-30 | 帖子讨论了Tesla在得州的劳工事件，特别是2025年10月期间的情况。评论指出
[2026-09-06 19:18:11] [101/120] (84.2%) bili|2025-11-02 | 
[2026-09-06 19:18:15] [102/120] (85.0%) tieba|2025-11-05 | 特斯拉得州劳工话题｜2025年11月｜第5条讨论了得州劳工情况，特别是2025年
[2026-09-06 19:18:19] [103/120] (85.8%) wb|2025-11-08 | 特斯拉在得州的劳工问题，以及媒体如何处理不同事件合并讨论的问题
[2026-09-06 19:18:23] [104/120] (86.7%) zhihu|2025-11-11 | 特斯拉得州劳工事件在2025年11月的复杂情况，以及如何判断这些事件是否与正式罢
[2026-09-06 19:18:28] [105/120] (87.5%) ks|2025-11-14 | 
[2026-09-06 19:18:32] [106/120] (88.3%) wb|2025-11-17 | 讨论的是
[2026-09-06 19:18:36] [107/120] (89.2%) xhs|2025-11-20 | 特斯拉得州劳工话题｜2025年11月｜第6条讨论了特斯拉得州劳工的情况，特别是2
[2026-09-06 19:18:41] [108/120] (90.0%) dy|2025-11-23 | 特斯拉得州劳工话题｜2025年11月｜第1条讨论了特斯拉在得州的劳工问题，特别是
[2026-09-06 19:18:45] [109/120] (90.8%) dy|2025-11-26 | 特斯拉在得州的劳工问题，包括裁员、停产和劳动争议，成为当前讨论的焦点。帖子指出，
[2026-09-06 19:18:49] [110/120] (91.7%) bili|2025-11-29 | 讨论特斯拉得州劳工问题，特别是2025年
[2026-09-06 19:18:54] [111/120] (92.5%) wb|2025-12-02 | Tesla得州劳工话题｜2025年12月｜第6条讨论了Tesla在得州的劳工事件
[2026-09-06 19:18:58] [112/120] (93.3%) ks|2025-12-05 | 从帖子内容来看，讨论的是Tesla在得州 Austin 和 Giga Texas
[2026-09-06 19:19:02] [113/120] (94.2%) ks|2025-12-08 | 特斯拉得州劳工话题｜2025年12月｜第10条讨论了特斯拉在得州
[2026-09-06 19:19:07] [114/120] (95.0%) bili|2025-12-11 | 帖子讨论了Tesla在得州的劳工问题，特别是裁员、停产和劳动争议，指出这些事件不
[2026-09-06 19:19:10] [115/120] (95.8%) dy|2025-12-14 | 从帖子内容来看，讨论的是Tesla在得州的劳工话题，特别是2025年的相关事件。
[2026-09-06 19:19:14] [116/120] (96.7%) xhs|2025-12-18 | 2025年12月，Tesla在得州发生的劳工事件引发了关于正式罢工定义的讨论。帖
[2026-09-06 19:19:19] [117/120] (97.5%) tieba|2025-12-21 | 帖子讨论了2025年得州的劳
[2026-09-06 19:19:22] [118/120] (98.3%) tieba|2025-12-24 | 帖子讨论了Tesla得州劳工事件的分类问题，指出2025年12月的劳工事件不能简
[2026-09-06 19:19:27] [119/120] (99.2%) zhihu|2025-12-27 | Tesla得州劳工话题｜2025年12月｜第7条讨论了Tesla在得州的劳工问题
[2026-09-06 19:19:32] [120/120] (100.0%) xhs|2025-12-30 | 特斯拉得州劳工话题｜2025年12月｜第9条
