[2026-09-06 19:19:32] Step 2: total=110 done=0 todo=110 threads=8
[2026-09-06 19:19:35] [1/110] (0.9%) bili|2025-01-14 | 不相关
[2026-09-06 19:19:40] [2/110] (1.8%) tieba|2025-01-21 | 
[2026-09-06 19:19:44] [3/110] (2.7%) wb|2025-01-18 | 初讨论集中在美国劳工、Austin工厂的工作环境及潜在劳动争议，但没有可靠公开证
[2026-09-06 19:19:48] [4/110] (3.6%) wb|2025-01-24 | 讨论了Tesla在得州的劳工情况，特别是2025年1月，舆论认为这些劳工情况不能
[2026-09-06 19:19:53] [5/110] (4.5%) zhihu|2025-01-11 | 
[2026-09-06 19:19:57] [6/110] (5.5%) ks|2025-01-08 | 
[2026-09-06 19:20:02] [7/110] (6.4%) xhs|2025-01-02 | 
[2026-09-06 19:20:06] [8/110] (7.3%) tieba|2025-01-05 | 舆论呈现，特斯拉得州劳工问题2025年1月，讨论劳工问题是否能仅凭这些事件断言正
[2026-09-06 19:20:10] [9/110] (8.2%) zhihu|2025-01-27 | 
[2026-09-06 19:20:15] [10/110] (9.1%) dy|2025-01-30 | 
[2026-09-06 19:20:19] [11/110] (10.0%) dy|2025-02-02 | 讨论得州 Austin 工厂的劳工事件及其相关问题，分析了这些事件的背景和可能的
[2026-09-06 19:20:24] [12/110] (10.9%) wb|2025-02-05 | 
[2026-09-06 19:20:28] [13/110] (11.8%) ks|2025-02-07 | 舆论呈现 Tesla 得州劳工事件2025年2月发生的关键安全事件，这些事件不能
[2026-09-06 19:20:32] [14/110] (12.7%) tieba|2025-02-10 | Tesla认为2025年2月的劳工事件可能影响其生产计划，但不能仅凭这些事件断言
[2026-09-06 19:20:36] [15/110] (13.6%) dy|2025-02-13 | 讨论了2025年2月得州劳工事件，特别是关于Tesla
[2026-09-06 19:20:40] [16/110] (14.5%) zhihu|2025-02-16 | 
[2026-09-06 19:20:45] [17/110] (15.5%) ks|2025-02-19 | 
[2026-09-06 19:20:49] [18/110] (16.4%) xhs|2025-02-21 | 舆论呈现，媒体可能有误，不能仅凭事件断言罢工。劳工相关
[2026-09-06 19:20:54] [19/110] (17.3%) bili|2025-02-24 | 
[2026-09-06 19:20:58] [20/110] (18.2%) bili|2025-02-27 | 特斯拉得州劳工话题｜2025年2月｜第3条讨论了2025年2月得州 Austin
[2026-09-06 19:21:03] [21/110] (19.1%) wb|2025-03-02 | 
[2026-09-06 19:21:07] [22/110] (20.0%) xhs|2025-03-05 | 
[2026-09-06 19:21:11] [23/110] (20.9%) bili|2025-03-08 | 特斯拉得州劳工话题｜2025年3月｜第6条讨论了特斯拉在得州的劳工问题，特别是2
[2026-09-06 19:21:15] [24/110] (21.8%) ks|2025-03-11 | 得州劳工事件持续关注，公众对劳工问题谨慎态度。
[2026-09-06 19:21:20] [25/110] (22.7%) xhs|2025-03-14 | 
[2026-09-06 19:21:24] [26/110] (23.6%) tieba|2025-03-18 | Tesla劳工问题讨论引发舆论关注

特斯拉在得州的劳工问题，特别是裁员和劳动争
[2026-09-06 19:21:29] [27/110] (24.5%) dy|2025-03-21 | 特斯拉
[2026-09-06 19:21:33] [28/110] (25.5%) zhihu|2025-03-24 | 得州劳工话题｜2025年3月｜第1条讨论了得州劳工在2025年3月的事件，评论指
[2026-09-06 19:21:38] [29/110] (26.4%) zhihu|2025-03-27 | 
[2026-09-06 19:21:42] [30/110] (27.3%) tieba|2025-03-30 | 
[2026-09-06 19:21:46] [31/110] (28.2%) wb|2025-04-02 | 特斯拉得州劳工话题｜20
[2026-09-06 19:21:51] [32/110] (29.1%) xhs|2025-04-05 | Tesla劳工事件：4月得州劳工话题，TRIGO承包商在Austin削减约50个
[2026-09-06 19:21:55] [33/110] (30.0%) bili|2025-04-08 | 
[2026-09-06 19:22:00] [34/110] (30.9%) ks|2025-04-11 | 
[2026-09-06 19:22:04] [35/110] (31.8%) tieba|2025-04-14 | Tesla Texas 2025时间线｜4月底｜第5条。【Tesla Texas
[2026-09-06 19:22:09] [36/110] (32.7%) dy|2025-04-17 | 
[2026-09-06 19:22:13] [37/110] (33.6%) bili|2025-04-20 | 特斯拉得州劳工事件讨论，关注
[2026-09-06 19:22:17] [38/110] (34.5%) dy|2025-04-23 | 事件主要围绕特斯拉在美国得州的劳工问题展开，重点在于劳工权益和工作条件。
[2026-09-06 19:22:21] [39/110] (35.5%) zhihu|2025-04-26 | 特斯拉得州劳工事件指出，裁员、停业和
[2026-09-06 19:22:26] [40/110] (36.4%) wb|2025-04-29 | 
[2026-09-06 19:22:30] [41/110] (37.3%) zhihu|2025-05-02 | 
[2026-09-06 19:22:35] [42/110] (38.2%) ks|2025-05-05 | 
[2026-09-06 19:22:39] [43/110] (39.1%) bili|2025-05-08 | 事件涉及特斯拉得州劳工问题，事件存在
[2026-09-06 19:22:44] [44/110] (40.0%) tieba|2025-05-11 | 
[2026-09-06 19:22:48] [45/110] (40.9%) dy|2025-05-14 | 
[2026-09-06 19:22:53] [46/110] (41.8%) ks|2025-05-18 | 舆论呈现特斯拉得州劳工
[2026-09-06 19:22:57] [47/110] (42.7%) tieba|2025-05-21 | 讨论了Tesla
[2026-09-06 19:23:02] [48/110] (43.6%) wb|2025-05-24 | 2025年5月，得州劳工话题引发关注，重点在于Giga Texas的罢工问题。舆
[2026-09-06 19:23:06] [49/110] (44.5%) ks|2025-06-05 | 
[2026-09-06 19:23:10] [50/110] (45.5%) wb|2025-06-08 | 特斯拉得州劳工话题｜2025年6月｜第2条讨论了特斯拉在得州的劳工问题，特别是2
[2026-09-06 19:23:15] [51/110] (46.4%) zhihu|2025-06-11 | 
[2026-09-06 19:23:19] [52/110] (47.3%) zhihu|2025-06-17 | 
[2026-09-06 19:23:24] [53/110] (48.2%) bili|2025-06-20 | 舆论呈现Tesla Austin和Giga Texas在2025年的劳工问题，指
[2026-09-06 19:23:28] [54/110] (49.1%) xhs|2025-06-23 | 
[2026-09-06 19:23:32] [55/110] (50.0%) wb|2025-06-26 | 得州Tesla劳工事件引发关注，讨论了社交媒体数据合并事件、机器人出租车试运行对
[2026-09-06 19:23:37] [56/110] (50.9%) bili|2025-06-29 | 
[2026-09-06 19:23:41] [57/110] (51.8%) xhs|2025-07-02 | 特斯拉在美国得州发生的劳工事件，特别是2025年7月的情况。帖子讨论了网络上的“
[2026-09-06 19:23:46] [58/110] (52.7%) wb|2025-07-05 | 
[2026-09-06 19:23:50] [59/110] (53.6%) ks|2025-07-08 | 
[2026-09-06 19:23:54] [60/110] (54.5%) dy|2025-07-11 | 2025年7月，得州Tesla公司的劳工情况引发了广泛关注，舆论呈现了这一事件的
[2026-09-06 19:23:59] [61/110] (55.5%) xhs|2025-07-14 | 
[2026-09-06 19:24:03] [62/110] (56.4%) ks|2025-07-21 | 特斯拉得州劳工话题 | 2025年7月 | 第2条 论坛上，关于特斯拉得州劳工问
[2026-09-06 19:24:08] [63/110] (57.3%) zhihu|2025-07-24 | 
[2026-09-06 19:24:12] [64/110] (58.2%) dy|2025-07-30 | 
[2026-09-06 19:24:16] [65/110] (59.1%) tieba|2025-08-02 | 特斯拉得州劳工话题｜2025年8月｜第10条。特斯拉与MPW Industria
[2026-09-06 19:24:21] [66/110] (60.0%) bili|2025-08-05 | 
[2026-09-06 19:24:25] [67/110] (60.9%) ks|2025-08-08 | 
[2026-09-06 19:24:29] [68/110] (61.8%) wb|2025-08-11 | Tesla劳工问题引发关注。82名承包商员工因裁员和生产停顿引发讨论。评论区表达
[2026-09-06 19:24:34] [69/110] (62.7%) wb|2025-08-14 | 
[2026-09-06 19:24:38] [70/110] (63.6%) zhihu|2025-08-18 | 
[2026-09-06 19:24:43] [71/110] (64.5%) dy|2025-08-21 | 
[2026-09-06 19:24:47] [72/110] (65.5%) tieba|2025-08-24 | 
[2026-09-06 19:24:52] [73/110] (66.4%) xhs|2025-08-30 | Tesla劳工问题讨论｜2025年8月｜第4条讨论了Tesla在得州的劳工问题，
[2026-09-06 19:24:56] [74/110] (67.3%) zhihu|2025-09-02 | 
[2026-09-06 19:25:00] [75/110] (68.2%) dy|2025-09-05 | Tesla劳工话题｜2025年9月｜第9条讨论了Tesla在得州的劳工问题，特别
[2026-09-06 19:25:05] [76/110] (69.1%) bili|2025-09-08 | 
[2026-09-06 19:25:09] [77/110] (70.0%) dy|2025-09-11 | 
[2026-09-06 19:25:14] [78/110] (70.9%) ks|2025-09-14 | 特斯拉得州劳工话题｜2025年9月｜第8条讨论了特斯拉在得州的劳工问题，特别是2
[2026-09-06 19:25:18] [79/110] (71.8%) xhs|2025-09-17 | 
[2026-09-06 19:25:23] [80/110] (72.7%) tieba|2025-09-20 | 2025年9月，特斯拉在美国得州发生劳工事件，涉及裁员和罢工的可能性。事件引发了
[2026-09-06 19:25:27] [81/110] (73.6%) ks|2025-09-23 | 得州劳工话题｜2025年9月｜第1条讨论了得州劳工情况，特别是9月份的公开程序记
[2026-09-06 19:25:31] [82/110] (74.5%) bili|2025-09-26 | 特斯拉得州劳工事件｜2025年9月｜第3条报道了
[2026-09-06 19:25:36] [83/110] (75.5%) wb|2025-09-29 | 特斯拉得州劳工问题｜2025年9月｜第4条讨论了特斯拉在得州的劳工问题，特别是裁
[2026-09-06 19:25:40] [84/110] (76.4%) tieba|2025-10-02 | 特斯拉得州劳工话题｜2025年10月｜第9条
[2026-09-06 19:25:44] [85/110] (77.3%) xhs|2025-10-05 | 
[2026-09-06 19:25:49] [86/110] (78.2%) tieba|2025-10-08 | 
[2026-09-06 19:25:53] [87/110] (79.1%) zhihu|2025-10-11 | 
[2026-09-06 19:25:57] [88/110] (80.0%) bili|2025-10-14 | 舆论呈现反对将劳工问题合并为正式罢工的观点。该
[2026-09-06 19:26:02] [89/110] (80.9%) dy|2025-10-18 | 
[2026-09-06 19:26:06] [90/110] (81.8%) ks|2025-10-24 | 不相关
[2026-09-06 19:26:10] [91/110] (82.7%) xhs|2025-10-27 | 
[2026-09-06 19:26:15] [92/110] (83.6%) zhihu|2025-10-30 | 
[2026-09-06 19:26:19] [93/110] (84.5%) tieba|2025-11-05 | 特斯拉得州劳工话题｜2025年11月｜第5条讨论了得州劳工情况
[2026-09-06 19:26:24] [94/110] (85.5%) wb|2025-11-08 | 特斯拉在得州的劳工问题，以及媒体如何处理不同事件合并讨论的问题
[2026-09-06 19:26:28] [95/110] (86.4%) zhihu|2025-11-11 | 特斯拉得州劳工事件在2025年11月的复杂情况，以及如何判断这些事件是否与正式罢
[2026-09-06 19:26:32] [96/110] (87.3%) wb|2025-11-17 | 讨论的是Tesla在2025年在 Texas 的 strikesale。舆论呈现
[2026-09-06 19:26:36] [97/110] (88.2%) xhs|2025-11-20 | 
[2026-09-06 19:26:41] [98/110] (89.1%) dy|2025-11-23 | 
[2026-09-06 19:26:45] [99/110] (90.0%) dy|2025-11-26 | 
[2026-09-06 19:26:50] [100/110] (90.9%) bili|2025-11-29 | 
[2026-09-06 19:26:54] [101/110] (91.8%) wb|2025-12-02 | 
[2026-09-06 19:26:58] [102/110] (92.7%) ks|2025-12-05 | Tesla劳工事件2025年劳工权益与罢工问题讨论。讨论涉及劳工、安全、就业和生
[2026-09-06 19:27:03] [103/110] (93.6%) ks|2025-12-08 | 
[2026-09-06 19:27:07] [104/110] (94.5%) bili|2025-12-11 | Tesla劳工问题舆论观点：讨论了裁员、停产和劳动争议，指出这些事件不能简单归类
[2026-09-06 19:27:11] [105/110] (95.5%) dy|2025-12-14 | 从帖子内容来看，讨论的是Tesla在得州的劳工话题，特别是2025年的相关事件。
[2026-09-06 19:27:16] [106/110] (96.4%) xhs|2025-12-18 | 
[2026-09-06 19:27:20] [107/110] (97.3%) tieba|2025-12-21 | 
[2026-09-06 19:27:25] [108/110] (98.2%) tieba|2025-12-24 | 2025年12月，特斯拉劳工事件的分类问题引发了广泛关注。评论区提出了质疑，认为
[2026-09-06 19:27:29] [109/110] (99.1%) zhihu|2025-12-27 | 
[2026-09-06 19:27:34] [110/110] (100.0%) xhs|2025-12-30 | 
